2026-9-17 20:09:47 push 失敗: fatal: unable to access 'https://github.com/kota-aitech/oi-keiba-3d-demo.git/': Could not resolve host: github.com
2026-9-18 0:36:06 push 完了（8 コミット）
2026-9-18 1:40:32 push 完了（5 コミット）
2026-9-18 1:55:37 push 完了（6 コミット）
2026-9-18 2:10:39 push 完了（5 コミット）
2026-9-18 9:08:01 push 失敗: fatal: unable to access 'https://github.com/kota-aitech/oi-keiba-3d-demo.git/': Could not resolve host: github.com
2026-9-18 10:09:55 push 完了（11 コミット）
2026-9-18 10:24:58 push 完了（5 コミット）
2026-9-18 10:55:21 push 完了（2 コミット）
2026-9-18 11:10:25 push 完了（5 コミット）
2026-9-18 11:40:29 push 完了（4 コミット）
2026-9-18 11:55:36 push 完了（5 コミット）
2026-9-18 12:10:40 push 完了（7 コミット）
2026-9-18 12:25:45 push 完了（12 コミット）
2026-9-18 12:40:49 push 完了（11 コミット）
2026-9-18 12:55:54 push 完了（12 コミット）
2026-9-18 13:10:58 push 完了（12 コミット）
2026-9-18 13:26:00 push 完了（1 コミット）
2026-9-18 13:41:04 push 完了（11 コミット）
2026-9-18 13:56:11 push 完了（11 コミット）
2026-9-18 14:11:21 push 完了（12 コミット）
2026-9-18 14:41:22 push 完了（12 コミット）
2026-9-18 15:06:47 push 完了（10 コミット）
2026-9-18 15:21:51 push 完了（12 コミット）
2026-9-18 15:36:55 push 完了（10 コミット）
2026-9-18 15:52:00 push 完了（12 コミット）
2026-9-18 16:07:05 push 完了（12 コミット）
2026-9-18 16:27:41 push 完了（12 コミット）
2026-9-18 16:42:45 push 完了（10 コミット）
2026-9-18 16:57:54 push 完了（13 コミット）
2026-9-18 17:12:58 push 完了（13 コミット）
2026-9-18 17:28:03 push 完了（11 コミット）
2026-9-18 17:43:03 push 完了（11 コミット）
2026-9-18 17:58:13 push 完了（11 コミット）
2026-9-18 18:13:26 push 完了（9 コミット）
2026-9-18 18:28:32 push 完了（8 コミット）
2026-9-18 18:43:38 push 完了（13 コミット）
2026-9-18 18:58:42 push 完了（12 コミット）
2026-9-18 19:21:28 push 失敗: fatal: unable to access 'https://github.com/kota-aitech/gamblesimulation.git/': Could not resolve host: github.com
2026-9-18 20:26:06 push 完了（7 コミット）
2026-9-18 20:41:10 push 完了（12 コミット）
2026-9-18 20:56:14 push 完了（6 コミット）
2026-9-18 21:11:19 push 完了（7 コミット）
2026-9-18 21:26:21 push 完了（6 コミット）
2026-9-18 21:41:27 push 完了（5 コミット）
2026-9-18 21:56:31 push 完了（6 コミット）
2026-9-18 22:11:35 push 完了（5 コミット）
2026-9-18 22:26:39 push 完了（5 コミット）
2026-9-18 22:41:41 push 完了（5 コミット）
2026-9-18 22:56:47 push 完了（5 コミット）
2026-9-18 23:11:49 push 完了（6 コミット）
2026-9-18 23:26:54 push 完了（6 コミット）
2026-9-18 23:41:58 push 完了（5 コミット）
2026-9-18 23:57:02 push 完了（4 コミット）
2026-9-19 0:12:05 push 完了（6 コミット）
2026-9-19 0:27:08 push 完了（5 コミット）
2026-9-19 0:42:11 push 完了（5 コミット）
2026-9-19 0:57:14 push 完了（6 コミット）
2026-9-19 1:12:17 push 完了（4 コミット）
2026-9-19 1:27:20 push 完了（5 コミット）
2026-9-19 1:42:23 push 完了（6 コミット）
2026-9-19 1:57:25 push 完了（1 コミット）
2026-9-19 2:12:28 push 完了（1 コミット）
2026-9-19 2:27:32 push 完了（6 コミット）
2026-9-19 2:42:36 push 完了（5 コミット）
2026-9-19 2:57:39 push 完了（5 コミット）
2026-9-19 11:42:04 クラウドのオッズを取り込み: boat 25件／jra 2件
2026-9-19 12:09:25 push 完了（7 コミット）
2026-9-19 22:19:41 クラウドのオッズを取り込み: boat 29件／jra 4件
2026-9-19 22:19:47 push 完了（6 コミット）
2026-9-20 8:45:34 push 完了（6 コミット）
2026-9-20 21:15:25 クラウドのオッズを取り込み: boat 39件／jra 23件
2026-9-20 21:15:34 push 完了（8 コミット）
2026-9-21 6:26:15 クラウドのオッズを取り込み: boat 3件
2026-9-21 6:26:19 push 完了（7 コミット）
2026-9-21 14:32:01 クラウドのオッズを取り込み: boat 1件／jra 8件
2026-9-21 14:32:05 push 完了（7 コミット）
2026-9-21 22:40:09 クラウドのオッズを取り込み: boat 6件／jra 7件
2026-9-21 22:40:16 push 完了（5 コミット）
2026-9-22 10:39:50 クラウドのオッズを取り込み: boat 1件／jra 1件
2026-9-22 10:39:54 push 完了（9 コミット）
2026-9-22 18:50:20 クラウドのオッズを取り込み: boat 7件／jra 9件
2026-9-22 18:50:26 push 完了（10 コミット）
2026-9-23 1:00:03 クラウドのオッズを取り込み: boat 6件
2026-9-23 1:00:14 push 完了（12 コミット）
2026-9-23 1:15:18 push 完了（10 コミット）
2026-9-23 1:30:24 push 完了（12 コミット）
2026-9-23 1:45:28 push 完了（12 コミット）
2026-9-23 8:46:28 push 完了（10 コミット）
2026-9-23 9:29:03 push 完了（11 コミット）
2026-9-23 9:44:08 push 完了（12 コミット）
2026-9-23 16:52:46 クラウドのオッズを取り込み: boat 36件
2026-9-23 16:52:52 push 完了（11 コミット）
2026-9-24 3:20:13 クラウドのオッズを取り込み: nankan 3件／boat 1件
2026-9-24 5:50:00 push 完了（10 コミット）
2026-9-24 9:45:28 odds-cloud が取れない: 
2026-9-24 9:58:21 push 失敗: fatal: unable to access 'https://github.com/kota-aitech/gamblesimulation.git/': Could not resolve host: github.com
2026-9-24 10:14:21 push 完了（10 コミット）
2026-9-24 10:31:08 push 完了（2 コミット）
2026-9-24 10:46:48 push 完了（3 コミット）
2026-9-24 11:01:59 push 完了（5 コミット）
2026-9-24 11:17:05 push 完了（3 コミット）
2026-9-24 11:32:12 push 完了（3 コミット）
2026-9-24 11:47:19 push 完了（2 コミット）
2026-9-24 12:02:24 push 完了（5 コミット）
2026-9-24 12:17:29 push 完了（5 コミット）
2026-9-24 12:32:34 push 完了（9 コミット）
2026-9-24 12:47:39 push 完了（12 コミット）
2026-9-24 13:02:45 push 完了（12 コミット）
2026-9-24 13:17:53 push 完了（10 コミット）
2026-9-24 13:32:58 push 完了（12 コミット）
2026-9-24 13:48:02 push 完了（12 コミット）
2026-9-24 14:03:11 push 完了（10 コミット）
2026-9-24 14:18:17 push 完了（12 コミット）
2026-9-24 14:33:22 push 完了（10 コミット）
2026-9-24 14:48:28 push 完了（12 コミット）
2026-9-24 15:03:33 push 完了（11 コミット）
2026-9-24 15:18:43 push 完了（10 コミット）
2026-9-24 15:33:50 push 完了（12 コミット）
2026-9-24 15:48:55 push 完了（12 コミット）
2026-9-24 16:04:01 push 完了（11 コミット）
2026-9-24 16:19:09 push 完了（12 コミット）
2026-9-24 16:34:15 push 完了（11 コミット）
2026-9-24 16:49:21 push 完了（12 コミット）
2026-9-24 17:04:29 push 完了（11 コミット）
2026-9-24 17:19:35 push 完了（12 コミット）
2026-9-24 17:34:37 クラウドのオッズを取り込み: nankan 1件
2026-9-24 17:34:42 push 完了（12 コミット）
2026-9-24 17:49:43 クラウドのオッズを取り込み: nankan 1件
2026-9-24 17:49:48 push 完了（13 コミット）
2026-9-24 18:04:52 push 完了（12 コミット）
2026-9-24 18:20:00 push 完了（10 コミット）
2026-9-24 18:35:05 push 完了（12 コミット）
2026-9-24 18:50:17 push 完了（12 コミット）
2026-9-24 19:07:36 odds-cloud が取れない: 
2026-9-24 19:09:58 push 失敗: fatal: unable to access 'https://github.com/kota-aitech/gamblesimulation.git/': Could not resolve host: github.com
2026-9-25 1:15:26 クラウドのオッズを取り込み: nankan 1件
2026-9-25 1:15:33 push 完了（20 コミット）
2026-9-25 1:30:39 push 完了（6 コミット）
2026-9-25 2:10:24 push 完了（5 コミット）
2026-9-25 3:27:24 push 完了（5 コミット）
2026-9-25 4:56:35 odds-cloud が取れない: 
2026-9-25 4:56:53 push 完了（4 コミット）
2026-9-25 6:41:50 push 完了（5 コミット）
2026-9-25 8:09:57 push 完了（6 コミット）
2026-9-25 9:50:45 odds-cloud が取れない: 
2026-9-25 9:55:06 push 完了（4 コミット）
2026-9-25 10:11:13 クラウドのオッズを取り込み: boat 5件
2026-9-25 10:11:18 push 完了（6 コミット）
2026-9-25 10:26:22 push 完了（5 コミット）
2026-9-25 10:41:26 push 完了（5 コミット）
2026-9-25 10:56:30 push 完了（5 コミット）
2026-9-25 11:11:33 クラウドのオッズを取り込み: boat 1件
2026-9-25 11:11:39 push 完了（7 コミット）
2026-9-25 11:26:44 push 完了（4 コミット）
2026-9-25 11:41:50 push 完了（5 コミット）
2026-9-25 11:56:54 push 完了（4 コミット）
2026-9-25 12:11:58 push 完了（5 コミット）
2026-9-25 12:27:04 push 完了（8 コミット）
2026-9-25 12:42:09 push 完了（11 コミット）
2026-9-25 12:57:16 push 完了（10 コミット）
2026-9-25 13:12:21 push 完了（12 コミット）
2026-9-25 13:27:27 push 完了（12 コミット）
2026-9-25 13:42:32 push 完了（11 コミット）
2026-9-25 13:57:39 push 完了（10 コミット）
2026-9-25 14:12:44 push 完了（12 コミット）
2026-9-25 14:27:46 クラウドのオッズを取り込み: boat 1件
2026-9-25 14:27:52 push 完了（13 コミット）
2026-9-25 14:43:00 push 完了（11 コミット）
2026-9-25 14:58:06 クラウドのオッズを取り込み: boat 1件
2026-9-25 14:58:12 push 完了（12 コミット）
2026-9-25 15:13:17 push 完了（12 コミット）
2026-9-25 15:28:23 push 完了（12 コミット）
2026-9-25 15:43:28 push 完了（11 コミット）
2026-9-25 15:58:37 push 完了（12 コミット）
2026-9-25 16:13:46 push 完了（11 コミット）
2026-9-25 16:28:48 クラウドのオッズを取り込み: boat 1件
2026-9-25 16:28:52 push 完了（12 コミット）
2026-9-25 16:43:58 push 完了（12 コミット）
2026-9-25 16:59:06 push 完了（10 コミット）
2026-9-25 17:14:11 push 完了（10 コミット）
2026-9-25 17:29:22 push 完了（12 コミット）
2026-9-25 17:44:33 push 完了（10 コミット）
2026-9-25 17:59:41 push 完了（13 コミット）
2026-9-25 18:14:47 push 完了（12 コミット）
2026-9-25 18:29:56 push 完了（10 コミット）
2026-9-25 18:44:59 クラウドのオッズを取り込み: nankan 1件
2026-9-25 18:45:07 push 完了（9 コミット）
2026-9-25 19:00:12 push 完了（8 コミット）
2026-9-25 19:15:23 push 完了（9 コミット）
2026-9-25 19:30:25 クラウドのオッズを取り込み: nankan 1件
2026-9-25 19:30:30 push 完了（11 コミット）
2026-9-25 23:15:32 push 完了（8 コミット）
2026-9-26 8:45:44 クラウドのオッズを取り込み: boat 1件
2026-9-26 8:45:50 push 完了（8 コミット）
2026-9-26 14:47:27 クラウドのオッズを取り込み: boat 23件／jra 30件
2026-9-26 14:47:34 push 完了（6 コミット）
2026-9-26 23:41:12 クラウドのオッズを取り込み: boat 21件／jra 11件
2026-9-26 23:41:18 push 完了（7 コミット）
2026-9-27 9:25:38 クラウドのオッズを取り込み: boat 4件
2026-9-27 9:25:42 push 完了（7 コミット）
2026-9-27 17:48:56 クラウドのオッズを取り込み: boat 21件／jra 41件
2026-9-27 17:49:01 push 完了（7 コミット）
2026-9-28 4:07:22 クラウドのオッズを取り込み: boat 14件
2026-9-28 6:11:55 push 完了（7 コミット）
2026-9-28 10:12:10 クラウドのオッズを取り込み: boat 6件
2026-9-28 10:12:14 push 完了（7 コミット）
2026-9-28 10:27:22 push 完了（4 コミット）
2026-9-28 10:42:27 push 完了（5 コミット）
2026-9-28 10:57:31 push 完了（5 コミット）
2026-9-28 11:12:36 push 完了（5 コミット）
2026-9-28 11:27:40 push 完了（4 コミット）
